$ vitest run

 RUN  v5.0.3 /Users/wysh/coding/thon/iitb-health/app

Queue pause lock held for this run (key 8274119); a running worker will not lease jobs.
 ✓ tests/integration/uploads.test.ts (9 tests) 335ms
 ✓ tests/integration/timeline-pagination.test.ts (3 tests) 414ms
 ✓ tests/integration/isolation.test.ts (7 tests) 461ms
Warning: Invalid resolution 25 dpi. Using 70 instead.
 ✓ tests/integration/jobs.test.ts (11 tests) 721ms
 ✓ tests/integration/exports.test.ts (6 tests) 957ms
   ✓ export snapshots (6)
     ✓ scopes direct historical-fact reads and excludes unreleased facts from patient exports 302ms
     ✓ renders a PDF from the frozen manifest and keeps an amended snapshot unchanged 394ms
 ✓ tests/integration/provider-budget.test.ts (3 tests) 144ms
 ✓ tests/integration/review.test.ts (15 tests) 1251ms
   ✓ review and publication (15)
     ✓ renormalizes corrected values and removes obsolete chart eligibility for unsupported units 354ms
 ✓ tests/integration/notes.test.ts (7 tests) 424ms
 ✓ apps/api/src/hosted-auth.test.ts (5 tests) 357ms
{"level":30,"time":1791064274603,"pid":14152,"hostname":"wysh-m5.local","reqId":"req-1","req":{"method":"GET","url":"/api/v1/patients/17176ec9-0124-44f2-ac3a-0bad3ba0f7eb/master/snapshots/65552b2f-8118-4318-8a03-8c6ef0916cd3/download","remoteAddress":"127.0.0.1"},"msg":"incoming request"}
{"level":30,"time":1791064274654,"pid":14152,"hostname":"wysh-m5.local","reqId":"req-1","res":{"statusCode":200},"responseTime":50.64470899999992,"msg":"request completed"}
{"level":30,"time":1791064274658,"pid":14152,"hostname":"wysh-m5.local","reqId":"req-2","req":{"method":"GET","url":"/api/v1/patients/17176ec9-0124-44f2-ac3a-0bad3ba0f7eb/master/snapshots/65552b2f-8118-4318-8a03-8c6ef0916cd3/download","remoteAddress":"127.0.0.1"},"msg":"incoming request"}
 ✓ tests/integration/hosted-storage.test.ts (6 tests) 78ms
{"level":30,"time":1791064274663,"pid":14152,"hostname":"wysh-m5.local","reqId":"req-2","res":{"statusCode":404},"responseTime":5.037375000000111,"msg":"request completed"}
 ✓ packages/data/src/storage.test.ts (2 tests) 49ms
 ✓ tests/integration/snapshot-download.test.ts (2 tests) 361ms
stdout | tests/integration/maintenance.test.ts > retention maintenance > refuses a clinic that is not a demo tenant
Dry run maintenance for 16 demo tenant(s).
  orphaned_upload_sessions: 5
  expired_upload_sessions: 0
  exports_past_retention: 0
  documents_past_retention: 0
  audit_events_past_retention: 0
  objects_removed: 0
  objects_pending: 7
Nothing was changed. Re-run with --apply --confirm-demo to remove these rows and objects.

 ✓ tests/integration/maintenance.test.ts (4 tests) 160ms
 ✓ packages/ui/src/utils.test.ts (2 tests) 20ms
 ✓ tests/extraction/evaluation-metrics.test.ts (7 tests) 7ms
 ✓ packages/domain/src/timeline.test.ts (8 tests) 39ms
 ✓ tests/integration/master.test.ts (5 tests) 154ms
 ✓ packages/domain/src/master.test.ts (4 tests) 4ms
 ✓ tests/extraction/evaluation-input.test.ts (3 tests) 5ms
 ✓ packages/domain/src/timeline-loading.test.ts (3 tests) 7ms
 ✓ apps/api/src/errors.test.ts (1 test) 2ms
 ✓ tests/integration/demo-polish.test.ts (2 tests) 128ms
 ✓ tests/integration/live-provider.test.ts (11 tests) 3958ms
   ✓ live provider adapter (protocol stub, not a real model) (11)
     ✓ refuses to extract when credentials or a positive budget are missing 478ms
     ✓ uses transport usage when model JSON omits bookkeeping fields 329ms
     ✓ maps a rate limit to a retryable error and a client error to a permanent one 403ms
     ✓ gives up on a provider that never answers 1506ms
 ✓ tests/integration/worker-scan.test.ts (4 tests) 4531ms
   ✓ the worker reads an uploaded scan (4)
     ✓ processes both photo pages and checks later-page identity (mismatch=false) 2035ms
     ✓ processes both photo pages and checks later-page identity (mismatch=true) 1157ms
     ✓ extracts facts from a scanned page with no page-image callback 1241ms
 ✓ tests/extraction/engine.test.ts (13 tests) 12753ms
   ✓ extraction engine (13)
     ✓ marks a blank scan unreadable instead of inventing values 12053ms
     ✓ reads a phone photo through OCR without inventing values 490ms

 Test Files  25 passed (25)
      Tests  143 passed (143)
   Start at  03:21:12
   Duration  13.23s (tests 80%, import 16%, transform 4%)
